// Jest Snapshot v1, https://goo.gl/fbAQLP

exports[`snapshot Header 1`] = `
<div>
  <header
    className="MuiPaper-root-10 MuiPaper-elevation4-16 MuiAppBar-root-1 MuiAppBar-positionFixed-2 mui-fixed headerbar"
  >
    <a
      className="MuiButtonBase-root-63 MuiButton-root-37 MuiButton-text-39 MuiButton-flat-42 buttonw"
      href="#"
      onBlur={[Function]}
      onFocus={[Function]}
      onKeyDown={[Function]}
      onKeyUp={[Function]}
      onMouseDown={[Function]}
      onMouseLeave={[Function]}
      onMouseUp={[Function]}
      onTouchEnd={[Function]}
      onTouchMove={[Function]}
      onTouchStart={[Function]}
      role="button"
      tabIndex="0"
    >
      <span
        className="MuiButton-label-38"
      >
        <img
          alt="logo"
          className="logo"
          src="logo_white_small.png"
        />
        <p>
          WEATHER APP
        </p>
      </span>
      <span
        className="MuiTouchRipple-root-66"
      />
    </a>
  </header>
</div>
`;

exports[`snapshot weather card 1`] = `
<div>
  <h5>
    Time: 
    2018-09-25 21:00:00
  </h5>
  <p>
    <span>
      General
    </span>
    <strong>
      <span>
         
        BROKEN CLOUDS
      </span>
    </strong>
  </p>
  <img
    alt="Smiley face"
    height="42"
    src="http://openweathermap.org/img/w/04n.png"
    width="42"
  />
  <ul>
    <li>
      Temp:
      5
      °
    </li>
    <li>
      Max Temp:
      5
      °
    </li>
    <li>
      Min Temp:
      5
      °
    </li>
    <li>
      Wind Speed:
      5.22
       mph
    </li>
    <li>
      Humidity:
      88
      %
    </li>
  </ul>
</div>
`;
